// Jest Snapshot v1, https://goo.gl/fbAQLP

exports[`should return event 1`] = `
Object {
  "event": Object {
    "category": "Music",
    "description": "Some event",
    "endDate": "11.07.2018 20:00",
    "id": 1,
    "lat": 50.5,
    "lng": 35.5,
    "location": "Warsaw",
    "organizer": "Somelab",
    "photo": "photo.jpeg",
    "startDate": "11.07.2018 10:30",
    "title": "Color Festival",
  },
}
`;
